  Identification des projets ├á restaurer...
C:\Users\livio\Desktop\Github\CesiZen\CesiZen.API\CesiZen.API\CesiZen.API.csproj : warning NU1603: CesiZen.API d├®pend de Microsoft.AspNetCore.Authentication.JwtBearer (>= 10.0.0-preview.2.25159.112) mais Microsoft.AspNetCore.Authentication.JwtBearer 10.0.0-preview.2.25159.112 est introuvable. Microsoft.AspNetCore.Authentication.JwtBearer 10.0.0-preview.2.25164.1 a ├®t├® r├®solu ├á la place.
  Tous les projets sont ├á jour pour la restauration.
C:\Users\livio\Desktop\Github\CesiZen\CesiZen.API\CesiZen.API\CesiZen.API.csproj : warning NU1603: CesiZen.API d├®pend de Microsoft.AspNetCore.Authentication.JwtBearer (>= 10.0.0-preview.2.25159.112) mais Microsoft.AspNetCore.Authentication.JwtBearer 10.0.0-preview.2.25159.112 est introuvable. Microsoft.AspNetCore.Authentication.JwtBearer 10.0.0-preview.2.25164.1 a ├®t├® r├®solu ├á la place.
  CesiZen.Constant -> C:\Users\livio\Desktop\Github\CesiZen\CesiZen.API\CesiZen.Constant\bin\Debug\net10.0\CesiZen.Constant.dll
  CesiZen.Dto -> C:\Users\livio\Desktop\Github\CesiZen\CesiZen.API\CesiZen.Dto\bin\Debug\net10.0\CesiZen.Dto.dll
  CesiZen.Model -> C:\Users\livio\Desktop\Github\CesiZen\CesiZen.API\CesiZen.Model\bin\Debug\net10.0\CesiZen.Model.dll
  CesiZen.Data -> C:\Users\livio\Desktop\Github\CesiZen\CesiZen.API\CesiZen.Data\bin\Debug\net10.0\CesiZen.Data.dll
  CesiZen.Repository -> C:\Users\livio\Desktop\Github\CesiZen\CesiZen.API\CesiZen.Repository\bin\Debug\net10.0\CesiZen.Repository.dll
  CesiZen.Service -> C:\Users\livio\Desktop\Github\CesiZen\CesiZen.API\CesiZen.Service\bin\Debug\net10.0\CesiZen.Service.dll
C:\Program Files\dotnet\sdk\10.0.201\Microsoft.Common.CurrentVersion.targets(5094,5): warning MSB3026: Impossible de copier "C:\Users\livio\Desktop\Github\CesiZen\CesiZen.API\CesiZen.Service\bin\Debug\net10.0\CesiZen.Service.dll" vers "bin\Debug\net10.0\CesiZen.Service.dll". Nouvelle tentative de l'op├®ration 1 dans 1000┬áms. The process cannot access the file 'C:\Users\livio\Desktop\Github\CesiZen\CesiZen.API\CesiZen.API\bin\Debug\net10.0\CesiZen.Service.dll' because it is being used by another process. Le fichier est verrouill├® par┬á: "CesiZen.API (19280)" [C:\Users\livio\Desktop\Github\CesiZen\CesiZen.API\CesiZen.API\CesiZen.API.csproj]
C:\Program Files\dotnet\sdk\10.0.201\Microsoft.Common.CurrentVersion.targets(5094,5): warning MSB3026: Impossible de copier "C:\Users\livio\Desktop\Github\CesiZen\CesiZen.API\CesiZen.Repository\bin\Debug\net10.0\CesiZen.Repository.dll" vers "bin\Debug\net10.0\CesiZen.Repository.dll". Nouvelle tentative de l'op├®ration 1 dans 1000┬áms. The process cannot access the file 'C:\Users\livio\Desktop\Github\CesiZen\CesiZen.API\CesiZen.API\bin\Debug\net10.0\CesiZen.Repository.dll' because it is being used by another process. Le fichier est verrouill├® par┬á: "CesiZen.API (19280)" [C:\Users\livio\Desktop\Github\CesiZen\CesiZen.API\CesiZen.API\CesiZen.API.csproj]
C:\Program Files\dotnet\sdk\10.0.201\Microsoft.Common.CurrentVersion.targets(5094,5): warning MSB3026: Impossible de copier "C:\Users\livio\Desktop\Github\CesiZen\CesiZen.API\CesiZen.Dto\bin\Debug\net10.0\CesiZen.Dto.dll" vers "bin\Debug\net10.0\CesiZen.Dto.dll". Nouvelle tentative de l'op├®ration 1 dans 1000┬áms. The process cannot access the file 'C:\Users\livio\Desktop\Github\CesiZen\CesiZen.API\CesiZen.API\bin\Debug\net10.0\CesiZen.Dto.dll' because it is being used by another process. Le fichier est verrouill├® par┬á: "CesiZen.API (19280)" [C:\Users\livio\Desktop\Github\CesiZen\CesiZen.API\CesiZen.API\CesiZen.API.csproj]
C:\Program Files\dotnet\sdk\10.0.201\Microsoft.Common.CurrentVersion.targets(5094,5): warning MSB3026: Impossible de copier "C:\Users\livio\Desktop\Github\CesiZen\CesiZen.API\CesiZen.Data\bin\Debug\net10.0\CesiZen.Data.dll" vers "bin\Debug\net10.0\CesiZen.Data.dll". Nouvelle tentative de l'op├®ration 1 dans 1000┬áms. The process cannot access the file 'C:\Users\livio\Desktop\Github\CesiZen\CesiZen.API\CesiZen.API\bin\Debug\net10.0\CesiZen.Data.dll' because it is being used by another process. Le fichier est verrouill├® par┬á: "CesiZen.API (19280)" [C:\Users\livio\Desktop\Github\CesiZen\CesiZen.API\CesiZen.API\CesiZen.API.csproj]
C:\Program Files\dotnet\sdk\10.0.201\Microsoft.Common.CurrentVersion.targets(5094,5): warning MSB3026: Impossible de copier "C:\Users\livio\Desktop\Github\CesiZen\CesiZen.API\CesiZen.Data\bin\Debug\net10.0\CesiZen.Data.dll" vers "bin\Debug\net10.0\CesiZen.Data.dll". Nouvelle tentative de l'op├®ration 2 dans 1000┬áms. The process cannot access the file 'C:\Users\livio\Desktop\Github\CesiZen\CesiZen.API\CesiZen.API\bin\Debug\net10.0\CesiZen.Data.dll' because it is being used by another process. Le fichier est verrouill├® par┬á: "CesiZen.API (19280)" [C:\Users\livio\Desktop\Github\CesiZen\CesiZen.API\CesiZen.API\CesiZen.API.csproj]
C:\Program Files\dotnet\sdk\10.0.201\Microsoft.Common.CurrentVersion.targets(5094,5): warning MSB3026: Impossible de copier "C:\Users\livio\Desktop\Github\CesiZen\CesiZen.API\CesiZen.Repository\bin\Debug\net10.0\CesiZen.Repository.dll" vers "bin\Debug\net10.0\CesiZen.Repository.dll". Nouvelle tentative de l'op├®ration 2 dans 1000┬áms. The process cannot access the file 'C:\Users\livio\Desktop\Github\CesiZen\CesiZen.API\CesiZen.API\bin\Debug\net10.0\CesiZen.Repository.dll' because it is being used by another process. Le fichier est verrouill├® par┬á: "CesiZen.API (19280)" [C:\Users\livio\Desktop\Github\CesiZen\CesiZen.API\CesiZen.API\CesiZen.API.csproj]
C:\Program Files\dotnet\sdk\10.0.201\Microsoft.Common.CurrentVersion.targets(5094,5): warning MSB3026: Impossible de copier "C:\Users\livio\Desktop\Github\CesiZen\CesiZen.API\CesiZen.Dto\bin\Debug\net10.0\CesiZen.Dto.dll" vers "bin\Debug\net10.0\CesiZen.Dto.dll". Nouvelle tentative de l'op├®ration 2 dans 1000┬áms. The process cannot access the file 'C:\Users\livio\Desktop\Github\CesiZen\CesiZen.API\CesiZen.API\bin\Debug\net10.0\CesiZen.Dto.dll' because it is being used by another process. Le fichier est verrouill├® par┬á: "CesiZen.API (19280)" [C:\Users\livio\Desktop\Github\CesiZen\CesiZen.API\CesiZen.API\CesiZen.API.csproj]
C:\Program Files\dotnet\sdk\10.0.201\Microsoft.Common.CurrentVersion.targets(5094,5): warning MSB3026: Impossible de copier "C:\Users\livio\Desktop\Github\CesiZen\CesiZen.API\CesiZen.Service\bin\Debug\net10.0\CesiZen.Service.dll" vers "bin\Debug\net10.0\CesiZen.Service.dll". Nouvelle tentative de l'op├®ration 2 dans 1000┬áms. The process cannot access the file 'C:\Users\livio\Desktop\Github\CesiZen\CesiZen.API\CesiZen.API\bin\Debug\net10.0\CesiZen.Service.dll' because it is being used by another process. Le fichier est verrouill├® par┬á: "CesiZen.API (19280)" [C:\Users\livio\Desktop\Github\CesiZen\CesiZen.API\CesiZen.API\CesiZen.API.csproj]
C:\Program Files\dotnet\sdk\10.0.201\Microsoft.Common.CurrentVersion.targets(5094,5): warning MSB3026: Impossible de copier "C:\Users\livio\Desktop\Github\CesiZen\CesiZen.API\CesiZen.Dto\bin\Debug\net10.0\CesiZen.Dto.dll" vers "bin\Debug\net10.0\CesiZen.Dto.dll". Nouvelle tentative de l'op├®ration 3 dans 1000┬áms. The process cannot access the file 'C:\Users\livio\Desktop\Github\CesiZen\CesiZen.API\CesiZen.API\bin\Debug\net10.0\CesiZen.Dto.dll' because it is being used by another process. Le fichier est verrouill├® par┬á: "CesiZen.API (19280)" [C:\Users\livio\Desktop\Github\CesiZen\CesiZen.API\CesiZen.API\CesiZen.API.csproj]
C:\Program Files\dotnet\sdk\10.0.201\Microsoft.Common.CurrentVersion.targets(5094,5): warning MSB3026: Impossible de copier "C:\Users\livio\Desktop\Github\CesiZen\CesiZen.API\CesiZen.Service\bin\Debug\net10.0\CesiZen.Service.dll" vers "bin\Debug\net10.0\CesiZen.Service.dll". Nouvelle tentative de l'op├®ration 3 dans 1000┬áms. The process cannot access the file 'C:\Users\livio\Desktop\Github\CesiZen\CesiZen.API\CesiZen.API\bin\Debug\net10.0\CesiZen.Service.dll' because it is being used by another process. Le fichier est verrouill├® par┬á: "CesiZen.API (19280)" [C:\Users\livio\Desktop\Github\CesiZen\CesiZen.API\CesiZen.API\CesiZen.API.csproj]
C:\Program Files\dotnet\sdk\10.0.201\Microsoft.Common.CurrentVersion.targets(5094,5): warning MSB3026: Impossible de copier "C:\Users\livio\Desktop\Github\CesiZen\CesiZen.API\CesiZen.Data\bin\Debug\net10.0\CesiZen.Data.dll" vers "bin\Debug\net10.0\CesiZen.Data.dll". Nouvelle tentative de l'op├®ration 3 dans 1000┬áms. The process cannot access the file 'C:\Users\livio\Desktop\Github\CesiZen\CesiZen.API\CesiZen.API\bin\Debug\net10.0\CesiZen.Data.dll' because it is being used by another process. Le fichier est verrouill├® par┬á: "CesiZen.API (19280)" [C:\Users\livio\Desktop\Github\CesiZen\CesiZen.API\CesiZen.API\CesiZen.API.csproj]
C:\Program Files\dotnet\sdk\10.0.201\Microsoft.Common.CurrentVersion.targets(5094,5): warning MSB3026: Impossible de copier "C:\Users\livio\Desktop\Github\CesiZen\CesiZen.API\CesiZen.Repository\bin\Debug\net10.0\CesiZen.Repository.dll" vers "bin\Debug\net10.0\CesiZen.Repository.dll". Nouvelle tentative de l'op├®ration 3 dans 1000┬áms. The process cannot access the file 'C:\Users\livio\Desktop\Github\CesiZen\CesiZen.API\CesiZen.API\bin\Debug\net10.0\CesiZen.Repository.dll' because it is being used by another process. Le fichier est verrouill├® par┬á: "CesiZen.API (19280)" [C:\Users\livio\Desktop\Github\CesiZen\CesiZen.API\CesiZen.API\CesiZen.API.csproj]
C:\Program Files\dotnet\sdk\10.0.201\Microsoft.Common.CurrentVersion.targets(5094,5): warning MSB3026: Impossible de copier "C:\Users\livio\Desktop\Github\CesiZen\CesiZen.API\CesiZen.Service\bin\Debug\net10.0\CesiZen.Service.dll" vers "bin\Debug\net10.0\CesiZen.Service.dll". Nouvelle tentative de l'op├®ration 4 dans 1000┬áms. The process cannot access the file 'C:\Users\livio\Desktop\Github\CesiZen\CesiZen.API\CesiZen.API\bin\Debug\net10.0\CesiZen.Service.dll' because it is being used by another process. Le fichier est verrouill├® par┬á: "CesiZen.API (19280)" [C:\Users\livio\Desktop\Github\CesiZen\CesiZen.API\CesiZen.API\CesiZen.API.csproj]
C:\Program Files\dotnet\sdk\10.0.201\Microsoft.Common.CurrentVersion.targets(5094,5): warning MSB3026: Impossible de copier "C:\Users\livio\Desktop\Github\CesiZen\CesiZen.API\CesiZen.Data\bin\Debug\net10.0\CesiZen.Data.dll" vers "bin\Debug\net10.0\CesiZen.Data.dll". Nouvelle tentative de l'op├®ration 4 dans 1000┬áms. The process cannot access the file 'C:\Users\livio\Desktop\Github\CesiZen\CesiZen.API\CesiZen.API\bin\Debug\net10.0\CesiZen.Data.dll' because it is being used by another process. Le fichier est verrouill├® par┬á: "CesiZen.API (19280)" [C:\Users\livio\Desktop\Github\CesiZen\CesiZen.API\CesiZen.API\CesiZen.API.csproj]
C:\Program Files\dotnet\sdk\10.0.201\Microsoft.Common.CurrentVersion.targets(5094,5): warning MSB3026: Impossible de copier "C:\Users\livio\Desktop\Github\CesiZen\CesiZen.API\CesiZen.Dto\bin\Debug\net10.0\CesiZen.Dto.dll" vers "bin\Debug\net10.0\CesiZen.Dto.dll". Nouvelle tentative de l'op├®ration 4 dans 1000┬áms. The process cannot access the file 'C:\Users\livio\Desktop\Github\CesiZen\CesiZen.API\CesiZen.API\bin\Debug\net10.0\CesiZen.Dto.dll' because it is being used by another process. Le fichier est verrouill├® par┬á: "CesiZen.API (19280)" [C:\Users\livio\Desktop\Github\CesiZen\CesiZen.API\CesiZen.API\CesiZen.API.csproj]
C:\Program Files\dotnet\sdk\10.0.201\Microsoft.Common.CurrentVersion.targets(5094,5): warning MSB3026: Impossible de copier "C:\Users\livio\Desktop\Github\CesiZen\CesiZen.API\CesiZen.Repository\bin\Debug\net10.0\CesiZen.Repository.dll" vers "bin\Debug\net10.0\CesiZen.Repository.dll". Nouvelle tentative de l'op├®ration 4 dans 1000┬áms. The process cannot access the file 'C:\Users\livio\Desktop\Github\CesiZen\CesiZen.API\CesiZen.API\bin\Debug\net10.0\CesiZen.Repository.dll' because it is being used by another process. Le fichier est verrouill├® par┬á: "CesiZen.API (19280)" [C:\Users\livio\Desktop\Github\CesiZen\CesiZen.API\CesiZen.API\CesiZen.API.csproj]
C:\Program Files\dotnet\sdk\10.0.201\Microsoft.Common.CurrentVersion.targets(5094,5): warning MSB3026: Impossible de copier "C:\Users\livio\Desktop\Github\CesiZen\CesiZen.API\CesiZen.Service\bin\Debug\net10.0\CesiZen.Service.dll" vers "bin\Debug\net10.0\CesiZen.Service.dll". Nouvelle tentative de l'op├®ration 5 dans 1000┬áms. The process cannot access the file 'C:\Users\livio\Desktop\Github\CesiZen\CesiZen.API\CesiZen.API\bin\Debug\net10.0\CesiZen.Service.dll' because it is being used by another process. Le fichier est verrouill├® par┬á: "CesiZen.API (19280)" [C:\Users\livio\Desktop\Github\CesiZen\CesiZen.API\CesiZen.API\CesiZen.API.csproj]
C:\Program Files\dotnet\sdk\10.0.201\Microsoft.Common.CurrentVersion.targets(5094,5): warning MSB3026: Impossible de copier "C:\Users\livio\Desktop\Github\CesiZen\CesiZen.API\CesiZen.Dto\bin\Debug\net10.0\CesiZen.Dto.dll" vers "bin\Debug\net10.0\CesiZen.Dto.dll". Nouvelle tentative de l'op├®ration 5 dans 1000┬áms. The process cannot access the file 'C:\Users\livio\Desktop\Github\CesiZen\CesiZen.API\CesiZen.API\bin\Debug\net10.0\CesiZen.Dto.dll' because it is being used by another process. Le fichier est verrouill├® par┬á: "CesiZen.API (19280)" [C:\Users\livio\Desktop\Github\CesiZen\CesiZen.API\CesiZen.API\CesiZen.API.csproj]
C:\Program Files\dotnet\sdk\10.0.201\Microsoft.Common.CurrentVersion.targets(5094,5): warning MSB3026: Impossible de copier "C:\Users\livio\Desktop\Github\CesiZen\CesiZen.API\CesiZen.Repository\bin\Debug\net10.0\CesiZen.Repository.dll" vers "bin\Debug\net10.0\CesiZen.Repository.dll". Nouvelle tentative de l'op├®ration 5 dans 1000┬áms. The process cannot access the file 'C:\Users\livio\Desktop\Github\CesiZen\CesiZen.API\CesiZen.API\bin\Debug\net10.0\CesiZen.Repository.dll' because it is being used by another process. Le fichier est verrouill├® par┬á: "CesiZen.API (19280)" [C:\Users\livio\Desktop\Github\CesiZen\CesiZen.API\CesiZen.API\CesiZen.API.csproj]
C:\Program Files\dotnet\sdk\10.0.201\Microsoft.Common.CurrentVersion.targets(5094,5): warning MSB3026: Impossible de copier "C:\Users\livio\Desktop\Github\CesiZen\CesiZen.API\CesiZen.Data\bin\Debug\net10.0\CesiZen.Data.dll" vers "bin\Debug\net10.0\CesiZen.Data.dll". Nouvelle tentative de l'op├®ration 5 dans 1000┬áms. The process cannot access the file 'C:\Users\livio\Desktop\Github\CesiZen\CesiZen.API\CesiZen.API\bin\Debug\net10.0\CesiZen.Data.dll' because it is being used by another process. Le fichier est verrouill├® par┬á: "CesiZen.API (19280)" [C:\Users\livio\Desktop\Github\CesiZen\CesiZen.API\CesiZen.API\CesiZen.API.csproj]
C:\Program Files\dotnet\sdk\10.0.201\Microsoft.Common.CurrentVersion.targets(5094,5): warning MSB3026: Impossible de copier "C:\Users\livio\Desktop\Github\CesiZen\CesiZen.API\CesiZen.Service\bin\Debug\net10.0\CesiZen.Service.dll" vers "bin\Debug\net10.0\CesiZen.Service.dll". Nouvelle tentative de l'op├®ration 6 dans 1000┬áms. The process cannot access the file 'C:\Users\livio\Desktop\Github\CesiZen\CesiZen.API\CesiZen.API\bin\Debug\net10.0\CesiZen.Service.dll' because it is being used by another process. Le fichier est verrouill├® par┬á: "CesiZen.API (19280)" [C:\Users\livio\Desktop\Github\CesiZen\CesiZen.API\CesiZen.API\CesiZen.API.csproj]
C:\Program Files\dotnet\sdk\10.0.201\Microsoft.Common.CurrentVersion.targets(5094,5): warning MSB3026: Impossible de copier "C:\Users\livio\Desktop\Github\CesiZen\CesiZen.API\CesiZen.Dto\bin\Debug\net10.0\CesiZen.Dto.dll" vers "bin\Debug\net10.0\CesiZen.Dto.dll". Nouvelle tentative de l'op├®ration 6 dans 1000┬áms. The process cannot access the file 'C:\Users\livio\Desktop\Github\CesiZen\CesiZen.API\CesiZen.API\bin\Debug\net10.0\CesiZen.Dto.dll' because it is being used by another process. Le fichier est verrouill├® par┬á: "CesiZen.API (19280)" [C:\Users\livio\Desktop\Github\CesiZen\CesiZen.API\CesiZen.API\CesiZen.API.csproj]
C:\Program Files\dotnet\sdk\10.0.201\Microsoft.Common.CurrentVersion.targets(5094,5): warning MSB3026: Impossible de copier "C:\Users\livio\Desktop\Github\CesiZen\CesiZen.API\CesiZen.Data\bin\Debug\net10.0\CesiZen.Data.dll" vers "bin\Debug\net10.0\CesiZen.Data.dll". Nouvelle tentative de l'op├®ration 6 dans 1000┬áms. The process cannot access the file 'C:\Users\livio\Desktop\Github\CesiZen\CesiZen.API\CesiZen.API\bin\Debug\net10.0\CesiZen.Data.dll' because it is being used by another process. Le fichier est verrouill├® par┬á: "CesiZen.API (19280)" [C:\Users\livio\Desktop\Github\CesiZen\CesiZen.API\CesiZen.API\CesiZen.API.csproj]
C:\Program Files\dotnet\sdk\10.0.201\Microsoft.Common.CurrentVersion.targets(5094,5): warning MSB3026: Impossible de copier "C:\Users\livio\Desktop\Github\CesiZen\CesiZen.API\CesiZen.Repository\bin\Debug\net10.0\CesiZen.Repository.dll" vers "bin\Debug\net10.0\CesiZen.Repository.dll". Nouvelle tentative de l'op├®ration 6 dans 1000┬áms. The process cannot access the file 'C:\Users\livio\Desktop\Github\CesiZen\CesiZen.API\CesiZen.API\bin\Debug\net10.0\CesiZen.Repository.dll' because it is being used by another process. Le fichier est verrouill├® par┬á: "CesiZen.API (19280)" [C:\Users\livio\Desktop\Github\CesiZen\CesiZen.API\CesiZen.API\CesiZen.API.csproj]
C:\Program Files\dotnet\sdk\10.0.201\Microsoft.Common.CurrentVersion.targets(5094,5): warning MSB3026: Impossible de copier "C:\Users\livio\Desktop\Github\CesiZen\CesiZen.API\CesiZen.Data\bin\Debug\net10.0\CesiZen.Data.dll" vers "bin\Debug\net10.0\CesiZen.Data.dll". Nouvelle tentative de l'op├®ration 7 dans 1000┬áms. The process cannot access the file 'C:\Users\livio\Desktop\Github\CesiZen\CesiZen.API\CesiZen.API\bin\Debug\net10.0\CesiZen.Data.dll' because it is being used by another process. Le fichier est verrouill├® par┬á: "CesiZen.API (19280)" [C:\Users\livio\Desktop\Github\CesiZen\CesiZen.API\CesiZen.API\CesiZen.API.csproj]
C:\Program Files\dotnet\sdk\10.0.201\Microsoft.Common.CurrentVersion.targets(5094,5): warning MSB3026: Impossible de copier "C:\Users\livio\Desktop\Github\CesiZen\CesiZen.API\CesiZen.Service\bin\Debug\net10.0\CesiZen.Service.dll" vers "bin\Debug\net10.0\CesiZen.Service.dll". Nouvelle tentative de l'op├®ration 7 dans 1000┬áms. The process cannot access the file 'C:\Users\livio\Desktop\Github\CesiZen\CesiZen.API\CesiZen.API\bin\Debug\net10.0\CesiZen.Service.dll' because it is being used by another process. Le fichier est verrouill├® par┬á: "CesiZen.API (19280)" [C:\Users\livio\Desktop\Github\CesiZen\CesiZen.API\CesiZen.API\CesiZen.API.csproj]
C:\Program Files\dotnet\sdk\10.0.201\Microsoft.Common.CurrentVersion.targets(5094,5): warning MSB3026: Impossible de copier "C:\Users\livio\Desktop\Github\CesiZen\CesiZen.API\CesiZen.Repository\bin\Debug\net10.0\CesiZen.Repository.dll" vers "bin\Debug\net10.0\CesiZen.Repository.dll". Nouvelle tentative de l'op├®ration 7 dans 1000┬áms. The process cannot access the file 'C:\Users\livio\Desktop\Github\CesiZen\CesiZen.API\CesiZen.API\bin\Debug\net10.0\CesiZen.Repository.dll' because it is being used by another process. Le fichier est verrouill├® par┬á: "CesiZen.API (19280)" [C:\Users\livio\Desktop\Github\CesiZen\CesiZen.API\CesiZen.API\CesiZen.API.csproj]
C:\Program Files\dotnet\sdk\10.0.201\Microsoft.Common.CurrentVersion.targets(5094,5): warning MSB3026: Impossible de copier "C:\Users\livio\Desktop\Github\CesiZen\CesiZen.API\CesiZen.Dto\bin\Debug\net10.0\CesiZen.Dto.dll" vers "bin\Debug\net10.0\CesiZen.Dto.dll". Nouvelle tentative de l'op├®ration 7 dans 1000┬áms. The process cannot access the file 'C:\Users\livio\Desktop\Github\CesiZen\CesiZen.API\CesiZen.API\bin\Debug\net10.0\CesiZen.Dto.dll' because it is being used by another process. Le fichier est verrouill├® par┬á: "CesiZen.API (19280)" [C:\Users\livio\Desktop\Github\CesiZen\CesiZen.API\CesiZen.API\CesiZen.API.csproj]
C:\Program Files\dotnet\sdk\10.0.201\Microsoft.Common.CurrentVersion.targets(5094,5): warning MSB3026: Impossible de copier "C:\Users\livio\Desktop\Github\CesiZen\CesiZen.API\CesiZen.Data\bin\Debug\net10.0\CesiZen.Data.dll" vers "bin\Debug\net10.0\CesiZen.Data.dll". Nouvelle tentative de l'op├®ration 8 dans 1000┬áms. The process cannot access the file 'C:\Users\livio\Desktop\Github\CesiZen\CesiZen.API\CesiZen.API\bin\Debug\net10.0\CesiZen.Data.dll' because it is being used by another process. Le fichier est verrouill├® par┬á: "CesiZen.API (19280)" [C:\Users\livio\Desktop\Github\CesiZen\CesiZen.API\CesiZen.API\CesiZen.API.csproj]
C:\Program Files\dotnet\sdk\10.0.201\Microsoft.Common.CurrentVersion.targets(5094,5): warning MSB3026: Impossible de copier "C:\Users\livio\Desktop\Github\CesiZen\CesiZen.API\CesiZen.Service\bin\Debug\net10.0\CesiZen.Service.dll" vers "bin\Debug\net10.0\CesiZen.Service.dll". Nouvelle tentative de l'op├®ration 8 dans 1000┬áms. The process cannot access the file 'C:\Users\livio\Desktop\Github\CesiZen\CesiZen.API\CesiZen.API\bin\Debug\net10.0\CesiZen.Service.dll' because it is being used by another process. Le fichier est verrouill├® par┬á: "CesiZen.API (19280)" [C:\Users\livio\Desktop\Github\CesiZen\CesiZen.API\CesiZen.API\CesiZen.API.csproj]
C:\Program Files\dotnet\sdk\10.0.201\Microsoft.Common.CurrentVersion.targets(5094,5): warning MSB3026: Impossible de copier "C:\Users\livio\Desktop\Github\CesiZen\CesiZen.API\CesiZen.Repository\bin\Debug\net10.0\CesiZen.Repository.dll" vers "bin\Debug\net10.0\CesiZen.Repository.dll". Nouvelle tentative de l'op├®ration 8 dans 1000┬áms. The process cannot access the file 'C:\Users\livio\Desktop\Github\CesiZen\CesiZen.API\CesiZen.API\bin\Debug\net10.0\CesiZen.Repository.dll' because it is being used by another process. Le fichier est verrouill├® par┬á: "CesiZen.API (19280)" [C:\Users\livio\Desktop\Github\CesiZen\CesiZen.API\CesiZen.API\CesiZen.API.csproj]
C:\Program Files\dotnet\sdk\10.0.201\Microsoft.Common.CurrentVersion.targets(5094,5): warning MSB3026: Impossible de copier "C:\Users\livio\Desktop\Github\CesiZen\CesiZen.API\CesiZen.Dto\bin\Debug\net10.0\CesiZen.Dto.dll" vers "bin\Debug\net10.0\CesiZen.Dto.dll". Nouvelle tentative de l'op├®ration 8 dans 1000┬áms. The process cannot access the file 'C:\Users\livio\Desktop\Github\CesiZen\CesiZen.API\CesiZen.API\bin\Debug\net10.0\CesiZen.Dto.dll' because it is being used by another process. Le fichier est verrouill├® par┬á: "CesiZen.API (19280)" [C:\Users\livio\Desktop\Github\CesiZen\CesiZen.API\CesiZen.API\CesiZen.API.csproj]
C:\Program Files\dotnet\sdk\10.0.201\Microsoft.Common.CurrentVersion.targets(5094,5): warning MSB3026: Impossible de copier "C:\Users\livio\Desktop\Github\CesiZen\CesiZen.API\CesiZen.Dto\bin\Debug\net10.0\CesiZen.Dto.dll" vers "bin\Debug\net10.0\CesiZen.Dto.dll". Nouvelle tentative de l'op├®ration 9 dans 1000┬áms. The process cannot access the file 'C:\Users\livio\Desktop\Github\CesiZen\CesiZen.API\CesiZen.API\bin\Debug\net10.0\CesiZen.Dto.dll' because it is being used by another process. Le fichier est verrouill├® par┬á: "CesiZen.API (19280)" [C:\Users\livio\Desktop\Github\CesiZen\CesiZen.API\CesiZen.API\CesiZen.API.csproj]
C:\Program Files\dotnet\sdk\10.0.201\Microsoft.Common.CurrentVersion.targets(5094,5): warning MSB3026: Impossible de copier "C:\Users\livio\Desktop\Github\CesiZen\CesiZen.API\CesiZen.Service\bin\Debug\net10.0\CesiZen.Service.dll" vers "bin\Debug\net10.0\CesiZen.Service.dll". Nouvelle tentative de l'op├®ration 9 dans 1000┬áms. The process cannot access the file 'C:\Users\livio\Desktop\Github\CesiZen\CesiZen.API\CesiZen.API\bin\Debug\net10.0\CesiZen.Service.dll' because it is being used by another process. Le fichier est verrouill├® par┬á: "CesiZen.API (19280)" [C:\Users\livio\Desktop\Github\CesiZen\CesiZen.API\CesiZen.API\CesiZen.API.csproj]
C:\Program Files\dotnet\sdk\10.0.201\Microsoft.Common.CurrentVersion.targets(5094,5): warning MSB3026: Impossible de copier "C:\Users\livio\Desktop\Github\CesiZen\CesiZen.API\CesiZen.Data\bin\Debug\net10.0\CesiZen.Data.dll" vers "bin\Debug\net10.0\CesiZen.Data.dll". Nouvelle tentative de l'op├®ration 9 dans 1000┬áms. The process cannot access the file 'C:\Users\livio\Desktop\Github\CesiZen\CesiZen.API\CesiZen.API\bin\Debug\net10.0\CesiZen.Data.dll' because it is being used by another process. Le fichier est verrouill├® par┬á: "CesiZen.API (19280)" [C:\Users\livio\Desktop\Github\CesiZen\CesiZen.API\CesiZen.API\CesiZen.API.csproj]
C:\Program Files\dotnet\sdk\10.0.201\Microsoft.Common.CurrentVersion.targets(5094,5): warning MSB3026: Impossible de copier "C:\Users\livio\Desktop\Github\CesiZen\CesiZen.API\CesiZen.Repository\bin\Debug\net10.0\CesiZen.Repository.dll" vers "bin\Debug\net10.0\CesiZen.Repository.dll". Nouvelle tentative de l'op├®ration 9 dans 1000┬áms. The process cannot access the file 'C:\Users\livio\Desktop\Github\CesiZen\CesiZen.API\CesiZen.API\bin\Debug\net10.0\CesiZen.Repository.dll' because it is being used by another process. Le fichier est verrouill├® par┬á: "CesiZen.API (19280)" [C:\Users\livio\Desktop\Github\CesiZen\CesiZen.API\CesiZen.API\CesiZen.API.csproj]
C:\Program Files\dotnet\sdk\10.0.201\Microsoft.Common.CurrentVersion.targets(5094,5): warning MSB3026: Impossible de copier "C:\Users\livio\Desktop\Github\CesiZen\CesiZen.API\CesiZen.Service\bin\Debug\net10.0\CesiZen.Service.dll" vers "bin\Debug\net10.0\CesiZen.Service.dll". Nouvelle tentative de l'op├®ration 10 dans 1000┬áms. The process cannot access the file 'C:\Users\livio\Desktop\Github\CesiZen\CesiZen.API\CesiZen.API\bin\Debug\net10.0\CesiZen.Service.dll' because it is being used by another process. Le fichier est verrouill├® par┬á: "CesiZen.API (19280)" [C:\Users\livio\Desktop\Github\CesiZen\CesiZen.API\CesiZen.API\CesiZen.API.csproj]
C:\Program Files\dotnet\sdk\10.0.201\Microsoft.Common.CurrentVersion.targets(5094,5): warning MSB3026: Impossible de copier "C:\Users\livio\Desktop\Github\CesiZen\CesiZen.API\CesiZen.Dto\bin\Debug\net10.0\CesiZen.Dto.dll" vers "bin\Debug\net10.0\CesiZen.Dto.dll". Nouvelle tentative de l'op├®ration 10 dans 1000┬áms. The process cannot access the file 'C:\Users\livio\Desktop\Github\CesiZen\CesiZen.API\CesiZen.API\bin\Debug\net10.0\CesiZen.Dto.dll' because it is being used by another process. Le fichier est verrouill├® par┬á: "CesiZen.API (19280)" [C:\Users\livio\Desktop\Github\CesiZen\CesiZen.API\CesiZen.API\CesiZen.API.csproj]
C:\Program Files\dotnet\sdk\10.0.201\Microsoft.Common.CurrentVersion.targets(5094,5): warning MSB3026: Impossible de copier "C:\Users\livio\Desktop\Github\CesiZen\CesiZen.API\CesiZen.Data\bin\Debug\net10.0\CesiZen.Data.dll" vers "bin\Debug\net10.0\CesiZen.Data.dll". Nouvelle tentative de l'op├®ration 10 dans 1000┬áms. The process cannot access the file 'C:\Users\livio\Desktop\Github\CesiZen\CesiZen.API\CesiZen.API\bin\Debug\net10.0\CesiZen.Data.dll' because it is being used by another process. Le fichier est verrouill├® par┬á: "CesiZen.API (19280)" [C:\Users\livio\Desktop\Github\CesiZen\CesiZen.API\CesiZen.API\CesiZen.API.csproj]
C:\Program Files\dotnet\sdk\10.0.201\Microsoft.Common.CurrentVersion.targets(5094,5): warning MSB3026: Impossible de copier "C:\Users\livio\Desktop\Github\CesiZen\CesiZen.API\CesiZen.Repository\bin\Debug\net10.0\CesiZen.Repository.dll" vers "bin\Debug\net10.0\CesiZen.Repository.dll". Nouvelle tentative de l'op├®ration 10 dans 1000┬áms. The process cannot access the file 'C:\Users\livio\Desktop\Github\CesiZen\CesiZen.API\CesiZen.API\bin\Debug\net10.0\CesiZen.Repository.dll' because it is being used by another process. Le fichier est verrouill├® par┬á: "CesiZen.API (19280)" [C:\Users\livio\Desktop\Github\CesiZen\CesiZen.API\CesiZen.API\CesiZen.API.csproj]
C:\Program Files\dotnet\sdk\10.0.201\Microsoft.Common.CurrentVersion.targets(5094,5): error MSB3027: Impossible de copier "C:\Users\livio\Desktop\Github\CesiZen\CesiZen.API\CesiZen.Dto\bin\Debug\net10.0\CesiZen.Dto.dll" vers "bin\Debug\net10.0\CesiZen.Dto.dll". D├®passement du nombre maximal de nouvelles tentatives de 10. ├ëchec. Le fichier est verrouill├® par┬á: "CesiZen.API (19280)" [C:\Users\livio\Desktop\Github\CesiZen\CesiZen.API\CesiZen.API\CesiZen.API.csproj]
C:\Program Files\dotnet\sdk\10.0.201\Microsoft.Common.CurrentVersion.targets(5094,5): error MSB3021: Impossible de copier le fichier "C:\Users\livio\Desktop\Github\CesiZen\CesiZen.API\CesiZen.Dto\bin\Debug\net10.0\CesiZen.Dto.dll" vers "bin\Debug\net10.0\CesiZen.Dto.dll". The process cannot access the file 'C:\Users\livio\Desktop\Github\CesiZen\CesiZen.API\CesiZen.API\bin\Debug\net10.0\CesiZen.Dto.dll' because it is being used by another process. [C:\Users\livio\Desktop\Github\CesiZen\CesiZen.API\CesiZen.API\CesiZen.API.csproj]
C:\Program Files\dotnet\sdk\10.0.201\Microsoft.Common.CurrentVersion.targets(5094,5): error MSB3027: Impossible de copier "C:\Users\livio\Desktop\Github\CesiZen\CesiZen.API\CesiZen.Service\bin\Debug\net10.0\CesiZen.Service.dll" vers "bin\Debug\net10.0\CesiZen.Service.dll". D├®passement du nombre maximal de nouvelles tentatives de 10. ├ëchec. Le fichier est verrouill├® par┬á: "CesiZen.API (19280)" [C:\Users\livio\Desktop\Github\CesiZen\CesiZen.API\CesiZen.API\CesiZen.API.csproj]
C:\Program Files\dotnet\sdk\10.0.201\Microsoft.Common.CurrentVersion.targets(5094,5): error MSB3021: Impossible de copier le fichier "C:\Users\livio\Desktop\Github\CesiZen\CesiZen.API\CesiZen.Service\bin\Debug\net10.0\CesiZen.Service.dll" vers "bin\Debug\net10.0\CesiZen.Service.dll". The process cannot access the file 'C:\Users\livio\Desktop\Github\CesiZen\CesiZen.API\CesiZen.API\bin\Debug\net10.0\CesiZen.Service.dll' because it is being used by another process. [C:\Users\livio\Desktop\Github\CesiZen\CesiZen.API\CesiZen.API\CesiZen.API.csproj]
C:\Program Files\dotnet\sdk\10.0.201\Microsoft.Common.CurrentVersion.targets(5094,5): error MSB3027: Impossible de copier "C:\Users\livio\Desktop\Github\CesiZen\CesiZen.API\CesiZen.Repository\bin\Debug\net10.0\CesiZen.Repository.dll" vers "bin\Debug\net10.0\CesiZen.Repository.dll". D├®passement du nombre maximal de nouvelles tentatives de 10. ├ëchec. Le fichier est verrouill├® par┬á: "CesiZen.API (19280)" [C:\Users\livio\Desktop\Github\CesiZen\CesiZen.API\CesiZen.API\CesiZen.API.csproj]
C:\Program Files\dotnet\sdk\10.0.201\Microsoft.Common.CurrentVersion.targets(5094,5): error MSB3021: Impossible de copier le fichier "C:\Users\livio\Desktop\Github\CesiZen\CesiZen.API\CesiZen.Repository\bin\Debug\net10.0\CesiZen.Repository.dll" vers "bin\Debug\net10.0\CesiZen.Repository.dll". The process cannot access the file 'C:\Users\livio\Desktop\Github\CesiZen\CesiZen.API\CesiZen.API\bin\Debug\net10.0\CesiZen.Repository.dll' because it is being used by another process. [C:\Users\livio\Desktop\Github\CesiZen\CesiZen.API\CesiZen.API\CesiZen.API.csproj]
C:\Program Files\dotnet\sdk\10.0.201\Microsoft.Common.CurrentVersion.targets(5094,5): error MSB3027: Impossible de copier "C:\Users\livio\Desktop\Github\CesiZen\CesiZen.API\CesiZen.Data\bin\Debug\net10.0\CesiZen.Data.dll" vers "bin\Debug\net10.0\CesiZen.Data.dll". D├®passement du nombre maximal de nouvelles tentatives de 10. ├ëchec. Le fichier est verrouill├® par┬á: "CesiZen.API (19280)" [C:\Users\livio\Desktop\Github\CesiZen\CesiZen.API\CesiZen.API\CesiZen.API.csproj]
C:\Program Files\dotnet\sdk\10.0.201\Microsoft.Common.CurrentVersion.targets(5094,5): error MSB3021: Impossible de copier le fichier "C:\Users\livio\Desktop\Github\CesiZen\CesiZen.API\CesiZen.Data\bin\Debug\net10.0\CesiZen.Data.dll" vers "bin\Debug\net10.0\CesiZen.Data.dll". The process cannot access the file 'C:\Users\livio\Desktop\Github\CesiZen\CesiZen.API\CesiZen.API\bin\Debug\net10.0\CesiZen.Data.dll' because it is being used by another process. [C:\Users\livio\Desktop\Github\CesiZen\CesiZen.API\CesiZen.API\CesiZen.API.csproj]

├ëCHEC de la build.

C:\Users\livio\Desktop\Github\CesiZen\CesiZen.API\CesiZen.API\CesiZen.API.csproj : warning NU1603: CesiZen.API d├®pend de Microsoft.AspNetCore.Authentication.JwtBearer (>= 10.0.0-preview.2.25159.112) mais Microsoft.AspNetCore.Authentication.JwtBearer 10.0.0-preview.2.25159.112 est introuvable. Microsoft.AspNetCore.Authentication.JwtBearer 10.0.0-preview.2.25164.1 a ├®t├® r├®solu ├á la place.
C:\Users\livio\Desktop\Github\CesiZen\CesiZen.API\CesiZen.API\CesiZen.API.csproj : warning NU1603: CesiZen.API d├®pend de Microsoft.AspNetCore.Authentication.JwtBearer (>= 10.0.0-preview.2.25159.112) mais Microsoft.AspNetCore.Authentication.JwtBearer 10.0.0-preview.2.25159.112 est introuvable. Microsoft.AspNetCore.Authentication.JwtBearer 10.0.0-preview.2.25164.1 a ├®t├® r├®solu ├á la place.
C:\Program Files\dotnet\sdk\10.0.201\Microsoft.Common.CurrentVersion.targets(5094,5): warning MSB3026: Impossible de copier "C:\Users\livio\Desktop\Github\CesiZen\CesiZen.API\CesiZen.Service\bin\Debug\net10.0\CesiZen.Service.dll" vers "bin\Debug\net10.0\CesiZen.Service.dll". Nouvelle tentative de l'op├®ration 1 dans 1000┬áms. The process cannot access the file 'C:\Users\livio\Desktop\Github\CesiZen\CesiZen.API\CesiZen.API\bin\Debug\net10.0\CesiZen.Service.dll' because it is being used by another process. Le fichier est verrouill├® par┬á: "CesiZen.API (19280)" [C:\Users\livio\Desktop\Github\CesiZen\CesiZen.API\CesiZen.API\CesiZen.API.csproj]
C:\Program Files\dotnet\sdk\10.0.201\Microsoft.Common.CurrentVersion.targets(5094,5): warning MSB3026: Impossible de copier "C:\Users\livio\Desktop\Github\CesiZen\CesiZen.API\CesiZen.Repository\bin\Debug\net10.0\CesiZen.Repository.dll" vers "bin\Debug\net10.0\CesiZen.Repository.dll". Nouvelle tentative de l'op├®ration 1 dans 1000┬áms. The process cannot access the file 'C:\Users\livio\Desktop\Github\CesiZen\CesiZen.API\CesiZen.API\bin\Debug\net10.0\CesiZen.Repository.dll' because it is being used by another process. Le fichier est verrouill├® par┬á: "CesiZen.API (19280)" [C:\Users\livio\Desktop\Github\CesiZen\CesiZen.API\CesiZen.API\CesiZen.API.csproj]
C:\Program Files\dotnet\sdk\10.0.201\Microsoft.Common.CurrentVersion.targets(5094,5): warning MSB3026: Impossible de copier "C:\Users\livio\Desktop\Github\CesiZen\CesiZen.API\CesiZen.Dto\bin\Debug\net10.0\CesiZen.Dto.dll" vers "bin\Debug\net10.0\CesiZen.Dto.dll". Nouvelle tentative de l'op├®ration 1 dans 1000┬áms. The process cannot access the file 'C:\Users\livio\Desktop\Github\CesiZen\CesiZen.API\CesiZen.API\bin\Debug\net10.0\CesiZen.Dto.dll' because it is being used by another process. Le fichier est verrouill├® par┬á: "CesiZen.API (19280)" [C:\Users\livio\Desktop\Github\CesiZen\CesiZen.API\CesiZen.API\CesiZen.API.csproj]
C:\Program Files\dotnet\sdk\10.0.201\Microsoft.Common.CurrentVersion.targets(5094,5): warning MSB3026: Impossible de copier "C:\Users\livio\Desktop\Github\CesiZen\CesiZen.API\CesiZen.Data\bin\Debug\net10.0\CesiZen.Data.dll" vers "bin\Debug\net10.0\CesiZen.Data.dll". Nouvelle tentative de l'op├®ration 1 dans 1000┬áms. The process cannot access the file 'C:\Users\livio\Desktop\Github\CesiZen\CesiZen.API\CesiZen.API\bin\Debug\net10.0\CesiZen.Data.dll' because it is being used by another process. Le fichier est verrouill├® par┬á: "CesiZen.API (19280)" [C:\Users\livio\Desktop\Github\CesiZen\CesiZen.API\CesiZen.API\CesiZen.API.csproj]
C:\Program Files\dotnet\sdk\10.0.201\Microsoft.Common.CurrentVersion.targets(5094,5): warning MSB3026: Impossible de copier "C:\Users\livio\Desktop\Github\CesiZen\CesiZen.API\CesiZen.Data\bin\Debug\net10.0\CesiZen.Data.dll" vers "bin\Debug\net10.0\CesiZen.Data.dll". Nouvelle tentative de l'op├®ration 2 dans 1000┬áms. The process cannot access the file 'C:\Users\livio\Desktop\Github\CesiZen\CesiZen.API\CesiZen.API\bin\Debug\net10.0\CesiZen.Data.dll' because it is being used by another process. Le fichier est verrouill├® par┬á: "CesiZen.API (19280)" [C:\Users\livio\Desktop\Github\CesiZen\CesiZen.API\CesiZen.API\CesiZen.API.csproj]
C:\Program Files\dotnet\sdk\10.0.201\Microsoft.Common.CurrentVersion.targets(5094,5): warning MSB3026: Impossible de copier "C:\Users\livio\Desktop\Github\CesiZen\CesiZen.API\CesiZen.Repository\bin\Debug\net10.0\CesiZen.Repository.dll" vers "bin\Debug\net10.0\CesiZen.Repository.dll". Nouvelle tentative de l'op├®ration 2 dans 1000┬áms. The process cannot access the file 'C:\Users\livio\Desktop\Github\CesiZen\CesiZen.API\CesiZen.API\bin\Debug\net10.0\CesiZen.Repository.dll' because it is being used by another process. Le fichier est verrouill├® par┬á: "CesiZen.API (19280)" [C:\Users\livio\Desktop\Github\CesiZen\CesiZen.API\CesiZen.API\CesiZen.API.csproj]
C:\Program Files\dotnet\sdk\10.0.201\Microsoft.Common.CurrentVersion.targets(5094,5): warning MSB3026: Impossible de copier "C:\Users\livio\Desktop\Github\CesiZen\CesiZen.API\CesiZen.Dto\bin\Debug\net10.0\CesiZen.Dto.dll" vers "bin\Debug\net10.0\CesiZen.Dto.dll". Nouvelle tentative de l'op├®ration 2 dans 1000┬áms. The process cannot access the file 'C:\Users\livio\Desktop\Github\CesiZen\CesiZen.API\CesiZen.API\bin\Debug\net10.0\CesiZen.Dto.dll' because it is being used by another process. Le fichier est verrouill├® par┬á: "CesiZen.API (19280)" [C:\Users\livio\Desktop\Github\CesiZen\CesiZen.API\CesiZen.API\CesiZen.API.csproj]
C:\Program Files\dotnet\sdk\10.0.201\Microsoft.Common.CurrentVersion.targets(5094,5): warning MSB3026: Impossible de copier "C:\Users\livio\Desktop\Github\CesiZen\CesiZen.API\CesiZen.Service\bin\Debug\net10.0\CesiZen.Service.dll" vers "bin\Debug\net10.0\CesiZen.Service.dll". Nouvelle tentative de l'op├®ration 2 dans 1000┬áms. The process cannot access the file 'C:\Users\livio\Desktop\Github\CesiZen\CesiZen.API\CesiZen.API\bin\Debug\net10.0\CesiZen.Service.dll' because it is being used by another process. Le fichier est verrouill├® par┬á: "CesiZen.API (19280)" [C:\Users\livio\Desktop\Github\CesiZen\CesiZen.API\CesiZen.API\CesiZen.API.csproj]
C:\Program Files\dotnet\sdk\10.0.201\Microsoft.Common.CurrentVersion.targets(5094,5): warning MSB3026: Impossible de copier "C:\Users\livio\Desktop\Github\CesiZen\CesiZen.API\CesiZen.Dto\bin\Debug\net10.0\CesiZen.Dto.dll" vers "bin\Debug\net10.0\CesiZen.Dto.dll". Nouvelle tentative de l'op├®ration 3 dans 1000┬áms. The process cannot access the file 'C:\Users\livio\Desktop\Github\CesiZen\CesiZen.API\CesiZen.API\bin\Debug\net10.0\CesiZen.Dto.dll' because it is being used by another process. Le fichier est verrouill├® par┬á: "CesiZen.API (19280)" [C:\Users\livio\Desktop\Github\CesiZen\CesiZen.API\CesiZen.API\CesiZen.API.csproj]
C:\Program Files\dotnet\sdk\10.0.201\Microsoft.Common.CurrentVersion.targets(5094,5): warning MSB3026: Impossible de copier "C:\Users\livio\Desktop\Github\CesiZen\CesiZen.API\CesiZen.Service\bin\Debug\net10.0\CesiZen.Service.dll" vers "bin\Debug\net10.0\CesiZen.Service.dll". Nouvelle tentative de l'op├®ration 3 dans 1000┬áms. The process cannot access the file 'C:\Users\livio\Desktop\Github\CesiZen\CesiZen.API\CesiZen.API\bin\Debug\net10.0\CesiZen.Service.dll' because it is being used by another process. Le fichier est verrouill├® par┬á: "CesiZen.API (19280)" [C:\Users\livio\Desktop\Github\CesiZen\CesiZen.API\CesiZen.API\CesiZen.API.csproj]
C:\Program Files\dotnet\sdk\10.0.201\Microsoft.Common.CurrentVersion.targets(5094,5): warning MSB3026: Impossible de copier "C:\Users\livio\Desktop\Github\CesiZen\CesiZen.API\CesiZen.Data\bin\Debug\net10.0\CesiZen.Data.dll" vers "bin\Debug\net10.0\CesiZen.Data.dll". Nouvelle tentative de l'op├®ration 3 dans 1000┬áms. The process cannot access the file 'C:\Users\livio\Desktop\Github\CesiZen\CesiZen.API\CesiZen.API\bin\Debug\net10.0\CesiZen.Data.dll' because it is being used by another process. Le fichier est verrouill├® par┬á: "CesiZen.API (19280)" [C:\Users\livio\Desktop\Github\CesiZen\CesiZen.API\CesiZen.API\CesiZen.API.csproj]
C:\Program Files\dotnet\sdk\10.0.201\Microsoft.Common.CurrentVersion.targets(5094,5): warning MSB3026: Impossible de copier "C:\Users\livio\Desktop\Github\CesiZen\CesiZen.API\CesiZen.Repository\bin\Debug\net10.0\CesiZen.Repository.dll" vers "bin\Debug\net10.0\CesiZen.Repository.dll". Nouvelle tentative de l'op├®ration 3 dans 1000┬áms. The process cannot access the file 'C:\Users\livio\Desktop\Github\CesiZen\CesiZen.API\CesiZen.API\bin\Debug\net10.0\CesiZen.Repository.dll' because it is being used by another process. Le fichier est verrouill├® par┬á: "CesiZen.API (19280)" [C:\Users\livio\Desktop\Github\CesiZen\CesiZen.API\CesiZen.API\CesiZen.API.csproj]
C:\Program Files\dotnet\sdk\10.0.201\Microsoft.Common.CurrentVersion.targets(5094,5): warning MSB3026: Impossible de copier "C:\Users\livio\Desktop\Github\CesiZen\CesiZen.API\CesiZen.Service\bin\Debug\net10.0\CesiZen.Service.dll" vers "bin\Debug\net10.0\CesiZen.Service.dll". Nouvelle tentative de l'op├®ration 4 dans 1000┬áms. The process cannot access the file 'C:\Users\livio\Desktop\Github\CesiZen\CesiZen.API\CesiZen.API\bin\Debug\net10.0\CesiZen.Service.dll' because it is being used by another process. Le fichier est verrouill├® par┬á: "CesiZen.API (19280)" [C:\Users\livio\Desktop\Github\CesiZen\CesiZen.API\CesiZen.API\CesiZen.API.csproj]
C:\Program Files\dotnet\sdk\10.0.201\Microsoft.Common.CurrentVersion.targets(5094,5): warning MSB3026: Impossible de copier "C:\Users\livio\Desktop\Github\CesiZen\CesiZen.API\CesiZen.Data\bin\Debug\net10.0\CesiZen.Data.dll" vers "bin\Debug\net10.0\CesiZen.Data.dll". Nouvelle tentative de l'op├®ration 4 dans 1000┬áms. The process cannot access the file 'C:\Users\livio\Desktop\Github\CesiZen\CesiZen.API\CesiZen.API\bin\Debug\net10.0\CesiZen.Data.dll' because it is being used by another process. Le fichier est verrouill├® par┬á: "CesiZen.API (19280)" [C:\Users\livio\Desktop\Github\CesiZen\CesiZen.API\CesiZen.API\CesiZen.API.csproj]
C:\Program Files\dotnet\sdk\10.0.201\Microsoft.Common.CurrentVersion.targets(5094,5): warning MSB3026: Impossible de copier "C:\Users\livio\Desktop\Github\CesiZen\CesiZen.API\CesiZen.Dto\bin\Debug\net10.0\CesiZen.Dto.dll" vers "bin\Debug\net10.0\CesiZen.Dto.dll". Nouvelle tentative de l'op├®ration 4 dans 1000┬áms. The process cannot access the file 'C:\Users\livio\Desktop\Github\CesiZen\CesiZen.API\CesiZen.API\bin\Debug\net10.0\CesiZen.Dto.dll' because it is being used by another process. Le fichier est verrouill├® par┬á: "CesiZen.API (19280)" [C:\Users\livio\Desktop\Github\CesiZen\CesiZen.API\CesiZen.API\CesiZen.API.csproj]
C:\Program Files\dotnet\sdk\10.0.201\Microsoft.Common.CurrentVersion.targets(5094,5): warning MSB3026: Impossible de copier "C:\Users\livio\Desktop\Github\CesiZen\CesiZen.API\CesiZen.Repository\bin\Debug\net10.0\CesiZen.Repository.dll" vers "bin\Debug\net10.0\CesiZen.Repository.dll". Nouvelle tentative de l'op├®ration 4 dans 1000┬áms. The process cannot access the file 'C:\Users\livio\Desktop\Github\CesiZen\CesiZen.API\CesiZen.API\bin\Debug\net10.0\CesiZen.Repository.dll' because it is being used by another process. Le fichier est verrouill├® par┬á: "CesiZen.API (19280)" [C:\Users\livio\Desktop\Github\CesiZen\CesiZen.API\CesiZen.API\CesiZen.API.csproj]
C:\Program Files\dotnet\sdk\10.0.201\Microsoft.Common.CurrentVersion.targets(5094,5): warning MSB3026: Impossible de copier "C:\Users\livio\Desktop\Github\CesiZen\CesiZen.API\CesiZen.Service\bin\Debug\net10.0\CesiZen.Service.dll" vers "bin\Debug\net10.0\CesiZen.Service.dll". Nouvelle tentative de l'op├®ration 5 dans 1000┬áms. The process cannot access the file 'C:\Users\livio\Desktop\Github\CesiZen\CesiZen.API\CesiZen.API\bin\Debug\net10.0\CesiZen.Service.dll' because it is being used by another process. Le fichier est verrouill├® par┬á: "CesiZen.API (19280)" [C:\Users\livio\Desktop\Github\CesiZen\CesiZen.API\CesiZen.API\CesiZen.API.csproj]
C:\Program Files\dotnet\sdk\10.0.201\Microsoft.Common.CurrentVersion.targets(5094,5): warning MSB3026: Impossible de copier "C:\Users\livio\Desktop\Github\CesiZen\CesiZen.API\CesiZen.Dto\bin\Debug\net10.0\CesiZen.Dto.dll" vers "bin\Debug\net10.0\CesiZen.Dto.dll". Nouvelle tentative de l'op├®ration 5 dans 1000┬áms. The process cannot access the file 'C:\Users\livio\Desktop\Github\CesiZen\CesiZen.API\CesiZen.API\bin\Debug\net10.0\CesiZen.Dto.dll' because it is being used by another process. Le fichier est verrouill├® par┬á: "CesiZen.API (19280)" [C:\Users\livio\Desktop\Github\CesiZen\CesiZen.API\CesiZen.API\CesiZen.API.csproj]
C:\Program Files\dotnet\sdk\10.0.201\Microsoft.Common.CurrentVersion.targets(5094,5): warning MSB3026: Impossible de copier "C:\Users\livio\Desktop\Github\CesiZen\CesiZen.API\CesiZen.Repository\bin\Debug\net10.0\CesiZen.Repository.dll" vers "bin\Debug\net10.0\CesiZen.Repository.dll". Nouvelle tentative de l'op├®ration 5 dans 1000┬áms. The process cannot access the file 'C:\Users\livio\Desktop\Github\CesiZen\CesiZen.API\CesiZen.API\bin\Debug\net10.0\CesiZen.Repository.dll' because it is being used by another process. Le fichier est verrouill├® par┬á: "CesiZen.API (19280)" [C:\Users\livio\Desktop\Github\CesiZen\CesiZen.API\CesiZen.API\CesiZen.API.csproj]
C:\Program Files\dotnet\sdk\10.0.201\Microsoft.Common.CurrentVersion.targets(5094,5): warning MSB3026: Impossible de copier "C:\Users\livio\Desktop\Github\CesiZen\CesiZen.API\CesiZen.Data\bin\Debug\net10.0\CesiZen.Data.dll" vers "bin\Debug\net10.0\CesiZen.Data.dll". Nouvelle tentative de l'op├®ration 5 dans 1000┬áms. The process cannot access the file 'C:\Users\livio\Desktop\Github\CesiZen\CesiZen.API\CesiZen.API\bin\Debug\net10.0\CesiZen.Data.dll' because it is being used by another process. Le fichier est verrouill├® par┬á: "CesiZen.API (19280)" [C:\Users\livio\Desktop\Github\CesiZen\CesiZen.API\CesiZen.API\CesiZen.API.csproj]
C:\Program Files\dotnet\sdk\10.0.201\Microsoft.Common.CurrentVersion.targets(5094,5): warning MSB3026: Impossible de copier "C:\Users\livio\Desktop\Github\CesiZen\CesiZen.API\CesiZen.Service\bin\Debug\net10.0\CesiZen.Service.dll" vers "bin\Debug\net10.0\CesiZen.Service.dll". Nouvelle tentative de l'op├®ration 6 dans 1000┬áms. The process cannot access the file 'C:\Users\livio\Desktop\Github\CesiZen\CesiZen.API\CesiZen.API\bin\Debug\net10.0\CesiZen.Service.dll' because it is being used by another process. Le fichier est verrouill├® par┬á: "CesiZen.API (19280)" [C:\Users\livio\Desktop\Github\CesiZen\CesiZen.API\CesiZen.API\CesiZen.API.csproj]
C:\Program Files\dotnet\sdk\10.0.201\Microsoft.Common.CurrentVersion.targets(5094,5): warning MSB3026: Impossible de copier "C:\Users\livio\Desktop\Github\CesiZen\CesiZen.API\CesiZen.Dto\bin\Debug\net10.0\CesiZen.Dto.dll" vers "bin\Debug\net10.0\CesiZen.Dto.dll". Nouvelle tentative de l'op├®ration 6 dans 1000┬áms. The process cannot access the file 'C:\Users\livio\Desktop\Github\CesiZen\CesiZen.API\CesiZen.API\bin\Debug\net10.0\CesiZen.Dto.dll' because it is being used by another process. Le fichier est verrouill├® par┬á: "CesiZen.API (19280)" [C:\Users\livio\Desktop\Github\CesiZen\CesiZen.API\CesiZen.API\CesiZen.API.csproj]
C:\Program Files\dotnet\sdk\10.0.201\Microsoft.Common.CurrentVersion.targets(5094,5): warning MSB3026: Impossible de copier "C:\Users\livio\Desktop\Github\CesiZen\CesiZen.API\CesiZen.Data\bin\Debug\net10.0\CesiZen.Data.dll" vers "bin\Debug\net10.0\CesiZen.Data.dll". Nouvelle tentative de l'op├®ration 6 dans 1000┬áms. The process cannot access the file 'C:\Users\livio\Desktop\Github\CesiZen\CesiZen.API\CesiZen.API\bin\Debug\net10.0\CesiZen.Data.dll' because it is being used by another process. Le fichier est verrouill├® par┬á: "CesiZen.API (19280)" [C:\Users\livio\Desktop\Github\CesiZen\CesiZen.API\CesiZen.API\CesiZen.API.csproj]
C:\Program Files\dotnet\sdk\10.0.201\Microsoft.Common.CurrentVersion.targets(5094,5): warning MSB3026: Impossible de copier "C:\Users\livio\Desktop\Github\CesiZen\CesiZen.API\CesiZen.Repository\bin\Debug\net10.0\CesiZen.Repository.dll" vers "bin\Debug\net10.0\CesiZen.Repository.dll". Nouvelle tentative de l'op├®ration 6 dans 1000┬áms. The process cannot access the file 'C:\Users\livio\Desktop\Github\CesiZen\CesiZen.API\CesiZen.API\bin\Debug\net10.0\CesiZen.Repository.dll' because it is being used by another process. Le fichier est verrouill├® par┬á: "CesiZen.API (19280)" [C:\Users\livio\Desktop\Github\CesiZen\CesiZen.API\CesiZen.API\CesiZen.API.csproj]
C:\Program Files\dotnet\sdk\10.0.201\Microsoft.Common.CurrentVersion.targets(5094,5): warning MSB3026: Impossible de copier "C:\Users\livio\Desktop\Github\CesiZen\CesiZen.API\CesiZen.Data\bin\Debug\net10.0\CesiZen.Data.dll" vers "bin\Debug\net10.0\CesiZen.Data.dll". Nouvelle tentative de l'op├®ration 7 dans 1000┬áms. The process cannot access the file 'C:\Users\livio\Desktop\Github\CesiZen\CesiZen.API\CesiZen.API\bin\Debug\net10.0\CesiZen.Data.dll' because it is being used by another process. Le fichier est verrouill├® par┬á: "CesiZen.API (19280)" [C:\Users\livio\Desktop\Github\CesiZen\CesiZen.API\CesiZen.API\CesiZen.API.csproj]
C:\Program Files\dotnet\sdk\10.0.201\Microsoft.Common.CurrentVersion.targets(5094,5): warning MSB3026: Impossible de copier "C:\Users\livio\Desktop\Github\CesiZen\CesiZen.API\CesiZen.Service\bin\Debug\net10.0\CesiZen.Service.dll" vers "bin\Debug\net10.0\CesiZen.Service.dll". Nouvelle tentative de l'op├®ration 7 dans 1000┬áms. The process cannot access the file 'C:\Users\livio\Desktop\Github\CesiZen\CesiZen.API\CesiZen.API\bin\Debug\net10.0\CesiZen.Service.dll' because it is being used by another process. Le fichier est verrouill├® par┬á: "CesiZen.API (19280)" [C:\Users\livio\Desktop\Github\CesiZen\CesiZen.API\CesiZen.API\CesiZen.API.csproj]
C:\Program Files\dotnet\sdk\10.0.201\Microsoft.Common.CurrentVersion.targets(5094,5): warning MSB3026: Impossible de copier "C:\Users\livio\Desktop\Github\CesiZen\CesiZen.API\CesiZen.Repository\bin\Debug\net10.0\CesiZen.Repository.dll" vers "bin\Debug\net10.0\CesiZen.Repository.dll". Nouvelle tentative de l'op├®ration 7 dans 1000┬áms. The process cannot access the file 'C:\Users\livio\Desktop\Github\CesiZen\CesiZen.API\CesiZen.API\bin\Debug\net10.0\CesiZen.Repository.dll' because it is being used by another process. Le fichier est verrouill├® par┬á: "CesiZen.API (19280)" [C:\Users\livio\Desktop\Github\CesiZen\CesiZen.API\CesiZen.API\CesiZen.API.csproj]
C:\Program Files\dotnet\sdk\10.0.201\Microsoft.Common.CurrentVersion.targets(5094,5): warning MSB3026: Impossible de copier "C:\Users\livio\Desktop\Github\CesiZen\CesiZen.API\CesiZen.Dto\bin\Debug\net10.0\CesiZen.Dto.dll" vers "bin\Debug\net10.0\CesiZen.Dto.dll". Nouvelle tentative de l'op├®ration 7 dans 1000┬áms. The process cannot access the file 'C:\Users\livio\Desktop\Github\CesiZen\CesiZen.API\CesiZen.API\bin\Debug\net10.0\CesiZen.Dto.dll' because it is being used by another process. Le fichier est verrouill├® par┬á: "CesiZen.API (19280)" [C:\Users\livio\Desktop\Github\CesiZen\CesiZen.API\CesiZen.API\CesiZen.API.csproj]
C:\Program Files\dotnet\sdk\10.0.201\Microsoft.Common.CurrentVersion.targets(5094,5): warning MSB3026: Impossible de copier "C:\Users\livio\Desktop\Github\CesiZen\CesiZen.API\CesiZen.Data\bin\Debug\net10.0\CesiZen.Data.dll" vers "bin\Debug\net10.0\CesiZen.Data.dll". Nouvelle tentative de l'op├®ration 8 dans 1000┬áms. The process cannot access the file 'C:\Users\livio\Desktop\Github\CesiZen\CesiZen.API\CesiZen.API\bin\Debug\net10.0\CesiZen.Data.dll' because it is being used by another process. Le fichier est verrouill├® par┬á: "CesiZen.API (19280)" [C:\Users\livio\Desktop\Github\CesiZen\CesiZen.API\CesiZen.API\CesiZen.API.csproj]
C:\Program Files\dotnet\sdk\10.0.201\Microsoft.Common.CurrentVersion.targets(5094,5): warning MSB3026: Impossible de copier "C:\Users\livio\Desktop\Github\CesiZen\CesiZen.API\CesiZen.Service\bin\Debug\net10.0\CesiZen.Service.dll" vers "bin\Debug\net10.0\CesiZen.Service.dll". Nouvelle tentative de l'op├®ration 8 dans 1000┬áms. The process cannot access the file 'C:\Users\livio\Desktop\Github\CesiZen\CesiZen.API\CesiZen.API\bin\Debug\net10.0\CesiZen.Service.dll' because it is being used by another process. Le fichier est verrouill├® par┬á: "CesiZen.API (19280)" [C:\Users\livio\Desktop\Github\CesiZen\CesiZen.API\CesiZen.API\CesiZen.API.csproj]
C:\Program Files\dotnet\sdk\10.0.201\Microsoft.Common.CurrentVersion.targets(5094,5): warning MSB3026: Impossible de copier "C:\Users\livio\Desktop\Github\CesiZen\CesiZen.API\CesiZen.Repository\bin\Debug\net10.0\CesiZen.Repository.dll" vers "bin\Debug\net10.0\CesiZen.Repository.dll". Nouvelle tentative de l'op├®ration 8 dans 1000┬áms. The process cannot access the file 'C:\Users\livio\Desktop\Github\CesiZen\CesiZen.API\CesiZen.API\bin\Debug\net10.0\CesiZen.Repository.dll' because it is being used by another process. Le fichier est verrouill├® par┬á: "CesiZen.API (19280)" [C:\Users\livio\Desktop\Github\CesiZen\CesiZen.API\CesiZen.API\CesiZen.API.csproj]
C:\Program Files\dotnet\sdk\10.0.201\Microsoft.Common.CurrentVersion.targets(5094,5): warning MSB3026: Impossible de copier "C:\Users\livio\Desktop\Github\CesiZen\CesiZen.API\CesiZen.Dto\bin\Debug\net10.0\CesiZen.Dto.dll" vers "bin\Debug\net10.0\CesiZen.Dto.dll". Nouvelle tentative de l'op├®ration 8 dans 1000┬áms. The process cannot access the file 'C:\Users\livio\Desktop\Github\CesiZen\CesiZen.API\CesiZen.API\bin\Debug\net10.0\CesiZen.Dto.dll' because it is being used by another process. Le fichier est verrouill├® par┬á: "CesiZen.API (19280)" [C:\Users\livio\Desktop\Github\CesiZen\CesiZen.API\CesiZen.API\CesiZen.API.csproj]
C:\Program Files\dotnet\sdk\10.0.201\Microsoft.Common.CurrentVersion.targets(5094,5): warning MSB3026: Impossible de copier "C:\Users\livio\Desktop\Github\CesiZen\CesiZen.API\CesiZen.Dto\bin\Debug\net10.0\CesiZen.Dto.dll" vers "bin\Debug\net10.0\CesiZen.Dto.dll". Nouvelle tentative de l'op├®ration 9 dans 1000┬áms. The process cannot access the file 'C:\Users\livio\Desktop\Github\CesiZen\CesiZen.API\CesiZen.API\bin\Debug\net10.0\CesiZen.Dto.dll' because it is being used by another process. Le fichier est verrouill├® par┬á: "CesiZen.API (19280)" [C:\Users\livio\Desktop\Github\CesiZen\CesiZen.API\CesiZen.API\CesiZen.API.csproj]
C:\Program Files\dotnet\sdk\10.0.201\Microsoft.Common.CurrentVersion.targets(5094,5): warning MSB3026: Impossible de copier "C:\Users\livio\Desktop\Github\CesiZen\CesiZen.API\CesiZen.Service\bin\Debug\net10.0\CesiZen.Service.dll" vers "bin\Debug\net10.0\CesiZen.Service.dll". Nouvelle tentative de l'op├®ration 9 dans 1000┬áms. The process cannot access the file 'C:\Users\livio\Desktop\Github\CesiZen\CesiZen.API\CesiZen.API\bin\Debug\net10.0\CesiZen.Service.dll' because it is being used by another process. Le fichier est verrouill├® par┬á: "CesiZen.API (19280)" [C:\Users\livio\Desktop\Github\CesiZen\CesiZen.API\CesiZen.API\CesiZen.API.csproj]
C:\Program Files\dotnet\sdk\10.0.201\Microsoft.Common.CurrentVersion.targets(5094,5): warning MSB3026: Impossible de copier "C:\Users\livio\Desktop\Github\CesiZen\CesiZen.API\CesiZen.Data\bin\Debug\net10.0\CesiZen.Data.dll" vers "bin\Debug\net10.0\CesiZen.Data.dll". Nouvelle tentative de l'op├®ration 9 dans 1000┬áms. The process cannot access the file 'C:\Users\livio\Desktop\Github\CesiZen\CesiZen.API\CesiZen.API\bin\Debug\net10.0\CesiZen.Data.dll' because it is being used by another process. Le fichier est verrouill├® par┬á: "CesiZen.API (19280)" [C:\Users\livio\Desktop\Github\CesiZen\CesiZen.API\CesiZen.API\CesiZen.API.csproj]
C:\Program Files\dotnet\sdk\10.0.201\Microsoft.Common.CurrentVersion.targets(5094,5): warning MSB3026: Impossible de copier "C:\Users\livio\Desktop\Github\CesiZen\CesiZen.API\CesiZen.Repository\bin\Debug\net10.0\CesiZen.Repository.dll" vers "bin\Debug\net10.0\CesiZen.Repository.dll". Nouvelle tentative de l'op├®ration 9 dans 1000┬áms. The process cannot access the file 'C:\Users\livio\Desktop\Github\CesiZen\CesiZen.API\CesiZen.API\bin\Debug\net10.0\CesiZen.Repository.dll' because it is being used by another process. Le fichier est verrouill├® par┬á: "CesiZen.API (19280)" [C:\Users\livio\Desktop\Github\CesiZen\CesiZen.API\CesiZen.API\CesiZen.API.csproj]
C:\Program Files\dotnet\sdk\10.0.201\Microsoft.Common.CurrentVersion.targets(5094,5): warning MSB3026: Impossible de copier "C:\Users\livio\Desktop\Github\CesiZen\CesiZen.API\CesiZen.Service\bin\Debug\net10.0\CesiZen.Service.dll" vers "bin\Debug\net10.0\CesiZen.Service.dll". Nouvelle tentative de l'op├®ration 10 dans 1000┬áms. The process cannot access the file 'C:\Users\livio\Desktop\Github\CesiZen\CesiZen.API\CesiZen.API\bin\Debug\net10.0\CesiZen.Service.dll' because it is being used by another process. Le fichier est verrouill├® par┬á: "CesiZen.API (19280)" [C:\Users\livio\Desktop\Github\CesiZen\CesiZen.API\CesiZen.API\CesiZen.API.csproj]
C:\Program Files\dotnet\sdk\10.0.201\Microsoft.Common.CurrentVersion.targets(5094,5): warning MSB3026: Impossible de copier "C:\Users\livio\Desktop\Github\CesiZen\CesiZen.API\CesiZen.Dto\bin\Debug\net10.0\CesiZen.Dto.dll" vers "bin\Debug\net10.0\CesiZen.Dto.dll". Nouvelle tentative de l'op├®ration 10 dans 1000┬áms. The process cannot access the file 'C:\Users\livio\Desktop\Github\CesiZen\CesiZen.API\CesiZen.API\bin\Debug\net10.0\CesiZen.Dto.dll' because it is being used by another process. Le fichier est verrouill├® par┬á: "CesiZen.API (19280)" [C:\Users\livio\Desktop\Github\CesiZen\CesiZen.API\CesiZen.API\CesiZen.API.csproj]
C:\Program Files\dotnet\sdk\10.0.201\Microsoft.Common.CurrentVersion.targets(5094,5): warning MSB3026: Impossible de copier "C:\Users\livio\Desktop\Github\CesiZen\CesiZen.API\CesiZen.Data\bin\Debug\net10.0\CesiZen.Data.dll" vers "bin\Debug\net10.0\CesiZen.Data.dll". Nouvelle tentative de l'op├®ration 10 dans 1000┬áms. The process cannot access the file 'C:\Users\livio\Desktop\Github\CesiZen\CesiZen.API\CesiZen.API\bin\Debug\net10.0\CesiZen.Data.dll' because it is being used by another process. Le fichier est verrouill├® par┬á: "CesiZen.API (19280)" [C:\Users\livio\Desktop\Github\CesiZen\CesiZen.API\CesiZen.API\CesiZen.API.csproj]
C:\Program Files\dotnet\sdk\10.0.201\Microsoft.Common.CurrentVersion.targets(5094,5): warning MSB3026: Impossible de copier "C:\Users\livio\Desktop\Github\CesiZen\CesiZen.API\CesiZen.Repository\bin\Debug\net10.0\CesiZen.Repository.dll" vers "bin\Debug\net10.0\CesiZen.Repository.dll". Nouvelle tentative de l'op├®ration 10 dans 1000┬áms. The process cannot access the file 'C:\Users\livio\Desktop\Github\CesiZen\CesiZen.API\CesiZen.API\bin\Debug\net10.0\CesiZen.Repository.dll' because it is being used by another process. Le fichier est verrouill├® par┬á: "CesiZen.API (19280)" [C:\Users\livio\Desktop\Github\CesiZen\CesiZen.API\CesiZen.API\CesiZen.API.csproj]
C:\Program Files\dotnet\sdk\10.0.201\Microsoft.Common.CurrentVersion.targets(5094,5): error MSB3027: Impossible de copier "C:\Users\livio\Desktop\Github\CesiZen\CesiZen.API\CesiZen.Dto\bin\Debug\net10.0\CesiZen.Dto.dll" vers "bin\Debug\net10.0\CesiZen.Dto.dll". D├®passement du nombre maximal de nouvelles tentatives de 10. ├ëchec. Le fichier est verrouill├® par┬á: "CesiZen.API (19280)" [C:\Users\livio\Desktop\Github\CesiZen\CesiZen.API\CesiZen.API\CesiZen.API.csproj]
C:\Program Files\dotnet\sdk\10.0.201\Microsoft.Common.CurrentVersion.targets(5094,5): error MSB3021: Impossible de copier le fichier "C:\Users\livio\Desktop\Github\CesiZen\CesiZen.API\CesiZen.Dto\bin\Debug\net10.0\CesiZen.Dto.dll" vers "bin\Debug\net10.0\CesiZen.Dto.dll". The process cannot access the file 'C:\Users\livio\Desktop\Github\CesiZen\CesiZen.API\CesiZen.API\bin\Debug\net10.0\CesiZen.Dto.dll' because it is being used by another process. [C:\Users\livio\Desktop\Github\CesiZen\CesiZen.API\CesiZen.API\CesiZen.API.csproj]
C:\Program Files\dotnet\sdk\10.0.201\Microsoft.Common.CurrentVersion.targets(5094,5): error MSB3027: Impossible de copier "C:\Users\livio\Desktop\Github\CesiZen\CesiZen.API\CesiZen.Service\bin\Debug\net10.0\CesiZen.Service.dll" vers "bin\Debug\net10.0\CesiZen.Service.dll". D├®passement du nombre maximal de nouvelles tentatives de 10. ├ëchec. Le fichier est verrouill├® par┬á: "CesiZen.API (19280)" [C:\Users\livio\Desktop\Github\CesiZen\CesiZen.API\CesiZen.API\CesiZen.API.csproj]
C:\Program Files\dotnet\sdk\10.0.201\Microsoft.Common.CurrentVersion.targets(5094,5): error MSB3021: Impossible de copier le fichier "C:\Users\livio\Desktop\Github\CesiZen\CesiZen.API\CesiZen.Service\bin\Debug\net10.0\CesiZen.Service.dll" vers "bin\Debug\net10.0\CesiZen.Service.dll". The process cannot access the file 'C:\Users\livio\Desktop\Github\CesiZen\CesiZen.API\CesiZen.API\bin\Debug\net10.0\CesiZen.Service.dll' because it is being used by another process. [C:\Users\livio\Desktop\Github\CesiZen\CesiZen.API\CesiZen.API\CesiZen.API.csproj]
C:\Program Files\dotnet\sdk\10.0.201\Microsoft.Common.CurrentVersion.targets(5094,5): error MSB3027: Impossible de copier "C:\Users\livio\Desktop\Github\CesiZen\CesiZen.API\CesiZen.Repository\bin\Debug\net10.0\CesiZen.Repository.dll" vers "bin\Debug\net10.0\CesiZen.Repository.dll". D├®passement du nombre maximal de nouvelles tentatives de 10. ├ëchec. Le fichier est verrouill├® par┬á: "CesiZen.API (19280)" [C:\Users\livio\Desktop\Github\CesiZen\CesiZen.API\CesiZen.API\CesiZen.API.csproj]
C:\Program Files\dotnet\sdk\10.0.201\Microsoft.Common.CurrentVersion.targets(5094,5): error MSB3021: Impossible de copier le fichier "C:\Users\livio\Desktop\Github\CesiZen\CesiZen.API\CesiZen.Repository\bin\Debug\net10.0\CesiZen.Repository.dll" vers "bin\Debug\net10.0\CesiZen.Repository.dll". The process cannot access the file 'C:\Users\livio\Desktop\Github\CesiZen\CesiZen.API\CesiZen.API\bin\Debug\net10.0\CesiZen.Repository.dll' because it is being used by another process. [C:\Users\livio\Desktop\Github\CesiZen\CesiZen.API\CesiZen.API\CesiZen.API.csproj]
C:\Program Files\dotnet\sdk\10.0.201\Microsoft.Common.CurrentVersion.targets(5094,5): error MSB3027: Impossible de copier "C:\Users\livio\Desktop\Github\CesiZen\CesiZen.API\CesiZen.Data\bin\Debug\net10.0\CesiZen.Data.dll" vers "bin\Debug\net10.0\CesiZen.Data.dll". D├®passement du nombre maximal de nouvelles tentatives de 10. ├ëchec. Le fichier est verrouill├® par┬á: "CesiZen.API (19280)" [C:\Users\livio\Desktop\Github\CesiZen\CesiZen.API\CesiZen.API\CesiZen.API.csproj]
C:\Program Files\dotnet\sdk\10.0.201\Microsoft.Common.CurrentVersion.targets(5094,5): error MSB3021: Impossible de copier le fichier "C:\Users\livio\Desktop\Github\CesiZen\CesiZen.API\CesiZen.Data\bin\Debug\net10.0\CesiZen.Data.dll" vers "bin\Debug\net10.0\CesiZen.Data.dll". The process cannot access the file 'C:\Users\livio\Desktop\Github\CesiZen\CesiZen.API\CesiZen.API\bin\Debug\net10.0\CesiZen.Data.dll' because it is being used by another process. [C:\Users\livio\Desktop\Github\CesiZen\CesiZen.API\CesiZen.API\CesiZen.API.csproj]
    42 Avertissement(s)
    8 Erreur(s)

Temps ├®coul├® 00:00:12.57
